<U==>
<WS=+>
<W=+>
<PR=->
<P=->
<PRA=-A>
<PRB=-B>
<PRC=-C>
<PRD=-D>
<PRE=-E>
<PRF=-F>
<PRG=-G>
<PRH=-H>
<PRI=-I>
<PRJ=-J>
<PRK=-K>
<PRL=-L>
<PRM=-M>
<PRN=-N>
<PRO=-O>
<PRP=-P>
<PRQ=-Q>
<PRR=-R>
<PRS=-S>
<PRT=-T>
<PRU=-U>
<PRV=-V>
<PRW=-W>
<PRX=-X>
<PRY=-Y>
<PRZ=-Z>
<PA=-A>
<PB=-B>
<PC=-C>
<PD=-D>
<PE=-E>
<PF=-F>
<PG=-G>
<PH=-H>
<PI=-I>
<PJ=-J>
<PK=-K>
<PL=-L>
<PM=-M>
<PN=-N>
<PO=-O>
<PP=-P>
<PQ=-Q>
<PR=-R>
<PS=-S>
<PT=-T>
<PU=-U>
<PV=-V>
<PW=-W>
<PX=-X>
<PY=-Y>
<PZ=-Z>
<WA=+A>
<WB=+B>
<WI=#>
<WD=$>
<WIA=.A#>
<CV=%>
<CVC=%*>
<ECM=!>
<PSC=-AL>
<PSV=-AL>
<R=.R>
<WSA=+A>
<WSB=+B>
<WSC=+C>
<WSD=+D>
<WSE=+E>
<WSF=+F>
<WSG=+G>
<WSH=+H>
<WSI=+I>
<WSJ=+J>
<WSK=+K>
<WSL=+L>
<WSM=+M>
<WSN=+N>
<WSO=+O>
<WSP=+P>
<WSQ=+Q>
<WSR=+R>
<WSS=+S>
<WST=+T>
<WSU=+U>
<WSV=+V>
<WSW=+W>
<WSX=+X>
<WSY=+Y>
<WSZ=+Z>
<WA=+A>
<WB=+B>
<WC=+C>
<WD=+D>
<WE=+E>
<WF=+F>
<WG=+G>
<WH=+H>
<WI=+I>
<WJ=+J>
<WK=+K>
<WL=+L>
<WM=+M>
<WN=+N>
<WO=+O>
<WP=+P>
<WQ=+Q>
<WR=+R>
<WS=+S>
<WT=+T>
<WU=+U>
<WV=+V>
<WW=+W>
<WX=+X>
<WY=+Y>
<WZ=+Z>
<PRCA=-A%>
<PRCB=-B%>
<PRCC=-C%>
<PRCD=-D%>
<PRCE=-E%>
<PRCF=-F%>
<PRCG=-G%>
<PRCH=-H%>
<PRCI=-I%>
<PRCJ=-J%>
<PRCK=-K%>
<PRCL=-L%>
<PRCM=-M%>
<PRCN=-N%>
<PRCO=-O%>
<PRCP=-P%>
<PRCQ=-Q%>
<PRCR=-R%>
<PRCS=-S%>
<PRCT=-T%>
<PRCU=-U%>
<PRCV=-V%>
<PRCW=-W%>
<PRCX=-X%>
<PRCY=-Y%>
<PRCZ=-Z%>
<A=.A>
<B=.B>
<C=.C>
<D=.D>
<E=.E>
<F=.F>
<G=.G>
<H=.H>
<I=.I>
<J=.J>
<K=.K>
<L=.L>
<M=.M>
<N=.N>
<O=.O>
<Q=.Q>
<R=.R>
<S=.S>
<T=.T>
<U=.U>
<V=.V>
<X=.X>
<Y=.Y>
<Z=.Z>
<CA=.A%>
<CB=.B%>
<CC=.C%>
<CD=.D%>
<CE=.E%>
<CF=.F%>
<CG=.G%>
<CH=.H%>
<CI=.I%>
<CJ=.J%>
<CK=.K%>
<CL=.L%>
<CM=.M%>
<CN=.N%>
<CO=.O%>
<CQ=.Q%>
<CR=.R%>
<CS=.S%>
<CT=.T%>
<CU=.U%>
<CV=.V%>
<CX=.X%>
<CY=.Y%>
<CZ=.Z%>
<RT=^>
<RTWI=^#>