U,=
WS,+
PR,-
P,-
PRA,-A
PRB,-B
PRC,-C
PRD,-D
PRE,-E
PRF,-F
PRG,-G
PRH,-H
PRI,-I
PRJ,-J
PRK,-K
PRL,-L
PRM,-M
PRN,-N
PRO,-O
PRP,-P
PRQ,-Q
PRR,-R
PRS,-S
PRT,-T
PRU,-U
PRV,-V
PRW,-W
PRX,-X
PRY,-Y
PRZ,-Z
PA,-A
PB,-B
PC,-C
PD,-D
PE,-E
PF,-F
PG,-G
PH,-H
PI,-I
PJ,-J
PK,-K
PL,-L
PM,-M
PN,-N
PO,-O
PP,-P
PQ,-Q
PR,-R
PS,-S
PT,-T
PU,-U
PV,-V
PW,-W
PX,-X
PY,-Y
PZ,-Z
WD,$
PRWD,-$
PRAWD,-A$
PRBWD,-B$
PRCWD,-C$
PRDWD,-D$
PREWD,-E$
PRFWD,-F$
PRGWD,-G$
PRHWD,-H$
PRIWD,-I$
PRJWD,-J$
PRKWD,-K$
PRLWD,-L$
PRMWD,-M$
PRNWD,-N$
PROWD,-O$
PRPWD,-P$
PRQWD,-Q$
PRRWD,-R$
PRSWD,-S$
PRTWD,-T$
PRUWD,-U$
PRVWD,-V$
PRWWD,-W$
PRXWD,-X$
PRYWD,-Y$
PRZWD,-Z$
WSA,+A
WSB,+B
WSC,+C
WSD,+D
WSE,+E
WSF,+F
WSG,+G
WSH,+H
WSI,+I
WSJ,+J
WSK,+K
WSL,+L
WSM,+M
WSN,+N
WSO,+O
WSP,+P
WSQ,+Q
WSR,+R
WSS,+S
WST,+T
WSU,+U
WSV,+V
WSW,+W
WSX,+X
WSY,+Y
WSZ,+Z
A,.A
B,.B
C,.C
D,.D
E,.E
F,.F
G,.G
H,.H
I,.I
J,.J
K,.K
L,.L
M,.M
N,.N
P,.P
Q,.Q
R,.R
S,.S
T,.T
V,.V
W,.W
X,.X
Y,.Y
Z,.Z
CL,*
ACL,.A*
BCL,.B*
CCL,.C*
DCL,.D*
ECL,.E*
FCL,.F*
GCL,.G*
HCL,.H*
ICL,.I*
JCL,.J*
KCL,.K*
LCL,.L*
MCL,.M*
NCL,.N*
PCL,.P*
QCL,.Q*
RCL,.R*
SCL,.S*
TCL,.T*
VCL,.V*
WCL,.W*
XCL,.X*
YCL,.Y*
ZCL,.Z*
PRCL,-*
PRACL,-A*
PRBCL,-B*
PRCCL,-C*
PRDCL,-D*
PRECL,-E*
PRFCL,-F*
PRGCL,-G*
PRHCL,-H*
PRICL,-I*
PRJCL,-J*
PRKCL,-K*
PRLCL,-L*
PRMCL,-M*
PRNCL,-N*
PROCL,-O*
PRPCL,-P*
PRQCL,-Q*
PRRCL,-R*
PRSCL,-S*
PRTCL,-T*
PRUCL,-U*
PRVCL,-V*
PRWCL,-W*
PRXCL,-X*
PRYCL,-Y*
PRZCL,-Z*
CV,%
CVCL,%*
PRACV,-A%
PRBCV,-B%
PRCCV,-C%
PRDCV,-D%
PRECV,-E%
PRFCV,-F%
PRGCV,-G%
PRHCV,-H%
PRICV,-I%
PRJCV,-J%
PRKCV,-K%
PRLCV,-L%
PRMCV,-M%
PRNCV,-N%
PROCV,-O%
PRPCV,-P%
PRQCV,-Q%
PRRCV,-R%
PRSCV,-S%
PRTCV,-T%
PRUCV,-U%
PRVCV,-V%
PRWCV,-W%
PRXCV,-X%
PRYCV,-Y%
PRZCV,-Z%
ACV,.A%
BCV,.B%
CCV,.C%
DCV,.D%
ECV,.E%
FCV,.F%
GCV,.G%
HCV,.H%
ICV,.I%
JCV,.J%
KCV,.K%
LCV,.L%
MCV,.M%
NCV,.N%
PCV,.P%
QCV,.Q%
RCV,.R%
SCV,.S%
TCV,.T%
VCV,.V%
WCV,.W%
XCV,.X%
YCV,.Y%
ZCV,.Z%
RT,^
WI,#
RTWI,^#
PRWI,-#
WSWI,+#
PRAWI,-A#
PRBWI,-B#
PRCWI,-C#
PRDWI,-D#
PREWI,-E#
PRFWI,-F#
PRGWI,-G#
PRHWI,-H#
PRIWI,-I#
PRJWI,-J#
PRKWI,-K#
PRLWI,-L#
PRMWI,-M#
PRNWI,-N#
PROWI,-O#
PRPWI,-P#
PRQWI,-Q#
PRRWI,-R#
PRSWI,-S#
PRTWI,-T#
PRUWI,-U#
PRVWI,-V#
PRWWI,-W#
PRXWI,-X#
PRYWI,-Y#
PRZWI,-Z#
AWI,.A#
BWI,.B#
CWI,.C#
DWI,.D#
EWI,.E#
FWI,.F#
GWI,.G#
HWI,.H#
IWI,.I#
JWI,.J#
KWI,.K#
LWI,.L#
MWI,.M#
NWI,.N#
PWI,.P#
QWI,.Q#
RWI,.R#
SWI,.S#
TWI,.T#
VWI,.V#
WWI,.W#
XWI,.X#
YWI,.Y#
ZWI,.Z#
TEST,~
